// Jest Snapshot v1, https://goo.gl/fbAQLP

exports[`MintCommand constructor should have valid schema 1`] = `
{
  "$id": "/dex/command/mint",
  "properties": {
    "amount0Desired": {
      "dataType": "string",
      "fieldNumber": 6,
    },
    "amount0Min": {
      "dataType": "string",
      "fieldNumber": 8,
    },
    "amount1Desired": {
      "dataType": "string",
      "fieldNumber": 7,
    },
    "amount1Min": {
      "dataType": "string",
      "fieldNumber": 9,
    },
    "deadline": {
      "dataType": "string",
      "fieldNumber": 11,
    },
    "fee": {
      "dataType": "string",
      "fieldNumber": 3,
    },
    "recipient": {
      "dataType": "bytes",
      "fieldNumber": 10,
      "format": "klayr32",
    },
    "tickLower": {
      "dataType": "string",
      "fieldNumber": 4,
    },
    "tickUpper": {
      "dataType": "string",
      "fieldNumber": 5,
    },
    "token0": {
      "dataType": "bytes",
      "fieldNumber": 1,
      "format": "hex",
    },
    "token1": {
      "dataType": "bytes",
      "fieldNumber": 2,
      "format": "hex",
    },
  },
  "type": "object",
}
`;
