// Jest Snapshot v1, https://goo.gl/fbAQLP

exports[`CreateProposalCommand constructor should have valid schema 1`] = `
{
  "$id": "/governance/command/create_proposal",
  "properties": {
    "actions": {
      "fieldNumber": 3,
      "items": {
        "properties": {
          "payload": {
            "dataType": "bytes",
            "fieldNumber": 2,
          },
          "type": {
            "dataType": "string",
            "fieldNumber": 1,
          },
        },
        "required": [
          "type",
          "payload",
        ],
        "type": "object",
      },
      "type": "array",
    },
    "attributes": {
      "fieldNumber": 4,
      "items": {
        "properties": {
          "data": {
            "dataType": "bytes",
            "fieldNumber": 2,
          },
          "key": {
            "dataType": "string",
            "fieldNumber": 1,
          },
        },
        "required": [
          "key",
          "data",
        ],
        "type": "object",
      },
      "type": "array",
    },
    "summary": {
      "dataType": "string",
      "fieldNumber": 2,
    },
    "title": {
      "dataType": "string",
      "fieldNumber": 1,
    },
  },
  "required": [
    "title",
    "summary",
    "actions",
    "attributes",
  ],
  "type": "object",
}
`;
